01:11:22 **** Incremental Build of configuration Debug for project UART_DMA_CallBack ****
make -j2 all 
arm-none-eabi-gcc "../Core/Src/main.c" -mcpu=cortex-m0 -std=gnu11 -g3 -DUSE_HAL_DRIVER -DSTM32F072xB -DDEBUG -c -I../Core/Inc -I../Drivers/STM32F0xx_HAL_Driver/Inc -I../Drivers/STM32F0xx_HAL_Driver/Inc/Legacy -I../Drivers/CMSIS/Device/ST/STM32F0xx/Include -I../Drivers/CMSIS/Include -O0 -ffunction-sections -fdata-sections -Wall -fstack-usage -MMD -MP -MF"Core/Src/main.d" -MT"Core/Src/main.o" --specs=nano.specs -mfloat-abi=soft -mthumb -o "Core/Src/main.o"
arm-none-eabi-gcc -o "UART_DMA_CallBack.elf" @"objects.list"   -mcpu=cortex-m0 -T"C:\Video\UART\UART_DMA_CallBack\STM32F072C8TX_FLASH.ld" --specs=nosys.specs -Wl,-Map="UART_DMA_CallBack.map" -Wl,--gc-sections -static --specs=nano.specs -mfloat-abi=soft -mthumb -Wl,--start-group -lc -lm -Wl,--end-group
Finished building target: UART_DMA_CallBack.elf
 
arm-none-eabi-objdump -h -S  UART_DMA_CallBack.elf  > "UART_DMA_CallBack.list"
arm-none-eabi-objcopy  -O binary  UART_DMA_CallBack.elf  "UART_DMA_CallBack.bin"
Finished building: UART_DMA_CallBack.bin
Finished building: UART_DMA_CallBack.list
 
 
arm-none-eabi-size   UART_DMA_CallBack.elf 
   text	   data	    bss	    dec	    hex	filename
  11504	     72	   1856	  13432	   3478	UART_DMA_CallBack.elf
Finished building: default.size.stdout
 

01:11:24 Build Finished. 0 errors, 0 warnings. (took 1s.838ms)

